// Jest Snapshot v1, https://goo.gl/fbAQLP

exports[`Calculator renders correctly 1`] = `
<div
  class="calculator"
>
  <h4>
    Calculator
  </h4>
   
  <div
    class="expression-window"
  >
    <div
      class="expression-text"
    >
      0Â 
    </div>
     
    <!---->
  </div>
   
  <div
    class="calculator-buttons"
  >
    <div>
      <button
        class="calculator-button btn btn-secondary"
      >
        
         (
      
      </button>
      <button
        class="calculator-button btn btn-secondary"
      >
        
        ) 
      
      </button>
      <button
        class="calculator-button btn btn-secondary"
      >
        
         % 
      
      </button>
      <button
        class="calculator-button btn btn-secondary"
      >
        
        CE
      
      </button>
    </div>
    <div>
      <button
        class="calculator-button btn btn-light"
      >
        
        7
      
      </button>
      <button
        class="calculator-button btn btn-light"
      >
        
        8
      
      </button>
      <button
        class="calculator-button btn btn-light"
      >
        
        9
      
      </button>
      <button
        class="calculator-button btn btn-secondary"
      >
        
         / 
      
      </button>
    </div>
    <div>
      <button
        class="calculator-button btn btn-light"
      >
        
        4
      
      </button>
      <button
        class="calculator-button btn btn-light"
      >
        
        5
      
      </button>
      <button
        class="calculator-button btn btn-light"
      >
        
        6
      
      </button>
      <button
        class="calculator-button btn btn-secondary"
      >
        
         x 
      
      </button>
    </div>
    <div>
      <button
        class="calculator-button btn btn-light"
      >
        
        1
      
      </button>
      <button
        class="calculator-button btn btn-light"
      >
        
        2
      
      </button>
      <button
        class="calculator-button btn btn-light"
      >
        
        3
      
      </button>
      <button
        class="calculator-button btn btn-secondary"
      >
        
         - 
      
      </button>
    </div>
    <div>
      <button
        class="calculator-button btn btn-light"
      >
        
        0
      
      </button>
      <button
        class="calculator-button btn btn-light"
      >
        
        .
      
      </button>
      <button
        class="calculator-button btn btn-primary"
      >
        
        =
      
      </button>
      <button
        class="calculator-button btn btn-secondary"
      >
        
         + 
      
      </button>
    </div>
  </div>
</div>
`;
