// Jest Snapshot v1, https://goo.gl/fbAQLP

exports[`ExpressionWindow renders correctly 1`] = `
<div
  class="expression-window"
>
  <div
    class="expression-text"
  >
    4*3-2Â 
  </div>
   
  <!---->
</div>
`;
