// Jest Snapshot v1, https://goo.gl/fbAQLP

exports[`TimeDisplay renders correctly 1`] = `
<div
  class="time-display-component"
>
  <!---->
</div>
`;
